

================================================================
== Vitis HLS Report for 'RNG'
================================================================
* Date:           Wed Mar 12 16:04:45 2025

* Version:        2024.2 (Build 5238294 on Nov  8 2024)
* Project:        RNG
* Solution:       hls (Vivado IP Flow Target)
* Product family: zynq
* Target device:  xc7z020-clg484-1


================================================================
== Performance Estimates
================================================================
+ Timing: 
    * Summary: 
    +--------+----------+----------+------------+
    |  Clock |  Target  | Estimated| Uncertainty|
    +--------+----------+----------+------------+
    |ap_clk  |  10.00 ns|  7.258 ns|     2.70 ns|
    +--------+----------+----------+------------+

+ Latency: 
    * Summary: 
    +---------+---------+----------+-----------+-----+------+---------+
    |  Latency (cycles) |  Latency (absolute)  |  Interval  | Pipeline|
    |   min   |   max   |    min   |    max    | min |  max |   Type  |
    +---------+---------+----------+-----------+-----+------+---------+
    |       85|     2188|  0.850 us|  21.880 us|   86|  2189|       no|
    +---------+---------+----------+-----------+-----+------+---------+

    + Detail: 
        * Instance: 
        +---------------------------------+-----------------------+---------+---------+-----------+-----------+-----+------+---------+
        |                                 |                       |  Latency (cycles) |   Latency (absolute)  |  Interval  | Pipeline|
        |             Instance            |         Module        |   min   |   max   |    min    |    max    | min |  max |   Type  |
        +---------------------------------+-----------------------+---------+---------+-----------+-----------+-----+------+---------+
        |grp_generic_fmod_double_s_fu_73  |generic_fmod_double_s  |        1|     2104|  10.000 ns|  21.040 us|    1|  2104|       no|
        +---------------------------------+-----------------------+---------+---------+-----------+-----------+-----+------+---------+

        * Loop: 
        N/A



================================================================
== Utilization Estimates
================================================================
* Summary: 
+-----------------+---------+-----+--------+-------+-----+
|       Name      | BRAM_18K| DSP |   FF   |  LUT  | URAM|
+-----------------+---------+-----+--------+-------+-----+
|DSP              |        -|    -|       -|      -|    -|
|Expression       |        -|    -|       0|   1520|    -|
|FIFO             |        -|    -|       -|      -|    -|
|Instance         |        -|   11|     810|   1615|    -|
|Memory           |        -|    -|       -|      -|    -|
|Multiplexer      |        -|    -|       0|    449|    -|
|Register         |        -|    -|     580|      -|    -|
+-----------------+---------+-----+--------+-------+-----+
|Total            |        0|   11|    1390|   3584|    0|
+-----------------+---------+-----+--------+-------+-----+
|Available        |      280|  220|  106400|  53200|    0|
+-----------------+---------+-----+--------+-------+-----+
|Utilization (%)  |        0|    5|       1|      6|    0|
+-----------------+---------+-----+--------+-------+-----+

+ Detail: 
    * Instance: 
    +----------------------------------+-------------------------------+---------+----+-----+------+-----+
    |             Instance             |             Module            | BRAM_18K| DSP|  FF |  LUT | URAM|
    +----------------------------------+-------------------------------+---------+----+-----+------+-----+
    |ddiv_64ns_64ns_64_59_no_dsp_1_U9  |ddiv_64ns_64ns_64_59_no_dsp_1  |        0|   0|    0|     0|    0|
    |dmul_64ns_64ns_64_7_max_dsp_1_U8  |dmul_64ns_64ns_64_7_max_dsp_1  |        0|  11|  342|   586|    0|
    |fptrunc_64ns_32_2_no_dsp_1_U7     |fptrunc_64ns_32_2_no_dsp_1     |        0|   0|    0|     0|    0|
    |grp_generic_fmod_double_s_fu_73   |generic_fmod_double_s          |        0|   0|  468|  1029|    0|
    |uitodp_64ns_64_6_no_dsp_1_U10     |uitodp_64ns_64_6_no_dsp_1      |        0|   0|    0|     0|    0|
    +----------------------------------+-------------------------------+---------+----+-----+------+-----+
    |Total                             |                               |        0|  11|  810|  1615|    0|
    +----------------------------------+-------------------------------+---------+----+-----+------+-----+

    * DSP: 
    N/A

    * Memory: 
    N/A

    * FIFO: 
    N/A

    * Expression: 
    +------------------------+----------+----+---+-----+------------+------------+
    |      Variable Name     | Operation| DSP| FF| LUT | Bitwidth P0| Bitwidth P1|
    +------------------------+----------+----+---+-----+------------+------------+
    |add_ln486_fu_141_p2     |         +|   0|  0|   12|          12|          11|
    |result_2_fu_230_p2      |         -|   0|  0|   71|           1|          64|
    |sub_ln18_fu_155_p2      |         -|   0|  0|   12|          10|          11|
    |icmp_ln241_fu_100_p2    |      icmp|   0|  0|   39|          32|           1|
    |lshr_ln18_fu_191_p2     |      lshr|   0|  0|  591|         169|         169|
    |result_fu_235_p3        |    select|   0|  0|   64|           1|          64|
    |select_ln18_fu_177_p3   |    select|   0|  0|   12|           1|          12|
    |select_ln223_fu_106_p3  |    select|   0|  0|   64|           1|          63|
    |val_fu_223_p3           |    select|   0|  0|   64|           1|          64|
    |shl_ln18_fu_197_p2      |       shl|   0|  0|  591|         169|         169|
    +------------------------+----------+----+---+-----+------------+------------+
    |Total                   |          |   0|  0| 1520|         397|         628|
    +------------------------+----------+----+---+-----+------------+------------+

    * Multiplexer: 
    +--------------+-----+-----------+-----+-----------+
    |     Name     | LUT | Input Size| Bits| Total Bits|
    +--------------+-----+-----------+-----+-----------+
    |ap_NS_fsm     |  435|         86|    1|         86|
    |grp_fu_91_p0  |   14|          3|   64|        192|
    +--------------+-----+-----------+-----+-----------+
    |Total         |  449|         89|   65|        278|
    +--------------+-----+-----------+-----+-----------+

    * Register: 
    +----------------------------------------------+----+----+-----+-----------+
    |                     Name                     | FF | LUT| Bits| Const Bits|
    +----------------------------------------------+----+----+-----+-----------+
    |add_ln486_reg_276                             |  12|   0|   12|          0|
    |ap_CS_fsm                                     |  85|   0|   85|          0|
    |div_i_reg_303                                 |  64|   0|   64|          0|
    |grp_generic_fmod_double_s_fu_73_ap_start_reg  |   1|   0|    1|          0|
    |icmp_ln241_reg_251                            |   1|   0|    1|          0|
    |p_op_reg_256                                  |  64|   0|   64|          0|
    |reg_94                                        |  64|   0|   64|          0|
    |result_reg_298                                |  64|   0|   64|          0|
    |seedi_read_reg_246                            |  32|   0|   32|          0|
    |select_ln223_reg_261                          |  64|   0|   64|          0|
    |sub_ln18_reg_287                              |  11|   0|   11|          0|
    |tmp_6_reg_281                                 |   1|   0|    1|          0|
    |trunc_ln505_reg_271                           |  52|   0|   52|          0|
    |val_reg_292                                   |  64|   0|   64|          0|
    |xs_sign_reg_266                               |   1|   0|    1|          0|
    +----------------------------------------------+----+----+-----+-----------+
    |Total                                         | 580|   0|  580|          0|
    +----------------------------------------------+----+----+-----+-----------+



================================================================
== Interface
================================================================
* Summary: 
+------------------+-----+-----+------------+--------------+--------------+
|     RTL Ports    | Dir | Bits|  Protocol  | Source Object|    C Type    |
+------------------+-----+-----+------------+--------------+--------------+
|ap_clk            |   in|    1|  ap_ctrl_hs|           RNG|  return value|
|ap_rst            |   in|    1|  ap_ctrl_hs|           RNG|  return value|
|ap_start          |   in|    1|  ap_ctrl_hs|           RNG|  return value|
|ap_done           |  out|    1|  ap_ctrl_hs|           RNG|  return value|
|ap_idle           |  out|    1|  ap_ctrl_hs|           RNG|  return value|
|ap_ready          |  out|    1|  ap_ctrl_hs|           RNG|  return value|
|seedi             |   in|   32|     ap_none|         seedi|       pointer|
|randFloat         |  out|   32|      ap_vld|     randFloat|       pointer|
|randFloat_ap_vld  |  out|    1|      ap_vld|     randFloat|       pointer|
+------------------+-----+-----+------------+--------------+--------------+

